MO Laser NULL ../export/homes/asahili/Bureau/SpaceInvadersFinal/Laser.v vlg0F/_laser.bin 1575562892
MO Vga NULL ../export/homes/asahili/Bureau/SpaceInvadersFinal/Vga.v vlg4A/_vga.bin 1575562892
MO SpaceShip NULL ../export/homes/asahili/Bureau/SpaceInvadersFinal/SpaceShip.v vlg4C/_space_ship.bin 1575562892
MO Bouton NULL ../export/homes/asahili/Bureau/SpaceInvadersFinal/Bouton.v vlg37/_bouton.bin 1575562892
MO SpaceInvadersFinal NULL ../export/homes/asahili/Bureau/SpaceInvadersFinal/SpaceInvadersFinal.v vlg6A/_space_invaders_final.bin 1575562892
MO AliensMotion NULL ../export/homes/asahili/Bureau/AliensMotion.v vlg2A/_aliens_motion.bin 1575562892
MO AliensColor NULL ../export/homes/asahili/Bureau/SpaceInvadersFinal/AliensColor.v vlg7B/_aliens_color.bin 1575562892
MO TimeUnitEnable NULL ../export/homes/asahili/Bureau/SpaceInvadersFinal/TimeUnitEnable.v vlg7A/_time_unit_enable.bin 1575562892
MO FinalColor NULL ../export/homes/asahili/Bureau/SpaceInvadersFinal/FinalColor.v vlg71/_final_color.bin 1575562892
MO Rgb NULL ../export/homes/asahili/Bureau/SpaceInvadersFinal/Rgb.v vlg67/_rgb.bin 1575562892
MO ZigZagAlien NULL "../export/homes/asahili/Bureau/zigzag modifie/SpaceInvadersFinal/ZigZagAlien.v" vlg21/_zig_zag_alien.bin 1575562892
